#-----------------------------------------------------------
# Vivado v2025.2 (64-bit)
# SW Build 6299465 on Fri Nov 14 12:34:56 MST 2025
# IP Build 6300035 on Fri Nov 14 10:48:45 MST 2025
# SharedData Build 6298862 on Thu Nov 13 04:50:51 MST 2025
# Start of session at: Sun Nov 23 21:23:43 2025
# Process ID         : 10053
# Current directory  : /home/ck/Desktop/Workspace/FPGA_Workspace/VIVADO_PROJECTS/XC7A100T_Microblaze/XC7A100T_Microblaze.runs/microblaze_mig_7series_0_0_synth_1
# Command line       : vivado -log microblaze_mig_7series_0_0.vds -product Vivado -mode batch -messageDb vivado.pb -notrace -source microblaze_mig_7series_0_0.tcl
# Log file           : /home/ck/Desktop/Workspace/FPGA_Workspace/VIVADO_PROJECTS/XC7A100T_Microblaze/XC7A100T_Microblaze.runs/microblaze_mig_7series_0_0_synth_1/microblaze_mig_7series_0_0.vds
# Journal file       : /home/ck/Desktop/Workspace/FPGA_Workspace/VIVADO_PROJECTS/XC7A100T_Microblaze/XC7A100T_Microblaze.runs/microblaze_mig_7series_0_0_synth_1/vivado.jou
# Running On         : ck-MS-7E62
# Platform           : Ubuntu
# Operating System   : Ubuntu 25.04
# Processor Detail   : AMD Ryzen 9 9950X 16-Core Processor
# CPU Frequency      : 624.000 MHz
# CPU Physical cores : 16
# CPU Logical cores  : 32
# Host memory        : 63756 MB
# Swap memory        : 8589 MB
# Total Virtual      : 72346 MB
# Available Virtual  : 64510 MB
#-----------------------------------------------------------
source microblaze_mig_7series_0_0.tcl -notrace
